// Jest Snapshot v1, https://goo.gl/fbAQLP

exports[`AtbashMenu renders 1`] = `
<div>
  <div
    class="MuiBox-root css-12z0wuy"
  >
    <button
      class="MuiButton-root MuiButton-text MuiButton-textPrimary MuiButton-sizeMedium MuiButton-textSizeMedium MuiButtonBase-root  css-1carnhg-MuiButtonBase-root-MuiButton-root"
      tabindex="0"
      type="button"
    >
      <p
        class="MuiTypography-root MuiTypography-body1 css-ahj2mt-MuiTypography-root"
      >
        BuyBASH
      </p>
      <span
        class="MuiTouchRipple-root css-8je8zh-MuiTouchRipple-root"
      />
    </button>
  </div>
</div>
`;
