// Jest Snapshot v1, https://goo.gl/fbAQLP

exports[`ForecastDetails renders 1`] = `
Object {
  "asFragment": [Function],
  "baseElement": <body>
    <div>
      <div
        class="MuiBox-root css-16rwds4"
      >
        <div
          class="MuiBox-root css-faoohn"
        >
          <p
            class="MuiTypography-root MuiTypography-body1 css-ahj2mt-MuiTypography-root"
          >
            globe:YourInitialInvestment
          </p>
          <p
            class="MuiTypography-root MuiTypography-body1 MuiTypography-noWrap css-fvtpii-MuiTypography-root"
          >
            $9,760.80
          </p>
        </div>
        <div
          class="MuiBox-root css-faoohn"
        >
          <p
            class="MuiTypography-root MuiTypography-body1 css-ahj2mt-MuiTypography-root"
          >
            globe:CurrentWealth
          </p>
          <p
            class="MuiTypography-root MuiTypography-body1 MuiTypography-noWrap css-fvtpii-MuiTypography-root"
          >
            $9,760.80
          </p>
        </div>
        <div
          class="MuiBox-root css-faoohn"
        >
          <p
            class="MuiTypography-root MuiTypography-body1 css-ahj2mt-MuiTypography-root"
          >
            globe:BASHRewardsEstimation
          </p>
          <p
            class="MuiTypography-root MuiTypography-body1 MuiTypography-noWrap css-fvtpii-MuiTypography-root"
          >
            12K
          </p>
        </div>
        <div
          class="MuiBox-root css-faoohn"
        >
          <p
            class="MuiTypography-root MuiTypography-body1 css-ahj2mt-MuiTypography-root"
          >
            globe:PotentialReturn
          </p>
          <p
            class="MuiTypography-root MuiTypography-body1 MuiTypography-noWrap css-fvtpii-MuiTypography-root"
          >
            $12,039
          </p>
        </div>
        <div
          class="MuiBox-root css-faoohn"
        >
          <p
            class="MuiTypography-root MuiTypography-body1 css-ahj2mt-MuiTypography-root"
          >
            globe:PotentialNumberLambo
          </p>
          <p
            class="MuiTypography-root MuiTypography-body1 css-ahj2mt-MuiTypography-root"
          >
            1
          </p>
        </div>
      </div>
    </div>
  </body>,
  "container": <div>
    <div
      class="MuiBox-root css-16rwds4"
    >
      <div
        class="MuiBox-root css-faoohn"
      >
        <p
          class="MuiTypography-root MuiTypography-body1 css-ahj2mt-MuiTypography-root"
        >
          globe:YourInitialInvestment
        </p>
        <p
          class="MuiTypography-root MuiTypography-body1 MuiTypography-noWrap css-fvtpii-MuiTypography-root"
        >
          $9,760.80
        </p>
      </div>
      <div
        class="MuiBox-root css-faoohn"
      >
        <p
          class="MuiTypography-root MuiTypography-body1 css-ahj2mt-MuiTypography-root"
        >
          globe:CurrentWealth
        </p>
        <p
          class="MuiTypography-root MuiTypography-body1 MuiTypography-noWrap css-fvtpii-MuiTypography-root"
        >
          $9,760.80
        </p>
      </div>
      <div
        class="MuiBox-root css-faoohn"
      >
        <p
          class="MuiTypography-root MuiTypography-body1 css-ahj2mt-MuiTypography-root"
        >
          globe:BASHRewardsEstimation
        </p>
        <p
          class="MuiTypography-root MuiTypography-body1 MuiTypography-noWrap css-fvtpii-MuiTypography-root"
        >
          12K
        </p>
      </div>
      <div
        class="MuiBox-root css-faoohn"
      >
        <p
          class="MuiTypography-root MuiTypography-body1 css-ahj2mt-MuiTypography-root"
        >
          globe:PotentialReturn
        </p>
        <p
          class="MuiTypography-root MuiTypography-body1 MuiTypography-noWrap css-fvtpii-MuiTypography-root"
        >
          $12,039
        </p>
      </div>
      <div
        class="MuiBox-root css-faoohn"
      >
        <p
          class="MuiTypography-root MuiTypography-body1 css-ahj2mt-MuiTypography-root"
        >
          globe:PotentialNumberLambo
        </p>
        <p
          class="MuiTypography-root MuiTypography-body1 css-ahj2mt-MuiTypography-root"
        >
          1
        </p>
      </div>
    </div>
  </div>,
  "debug": [Function],
  "findAllByAltText": [Function],
  "findAllByDisplayValue": [Function],
  "findAllByLabelText": [Function],
  "findAllByPlaceholderText": [Function],
  "findAllByRole": [Function],
  "findAllByTestId": [Function],
  "findAllByText": [Function],
  "findAllByTitle": [Function],
  "findByAltText": [Function],
  "findByDisplayValue": [Function],
  "findByLabelText": [Function],
  "findByPlaceholderText": [Function],
  "findByRole": [Function],
  "findByTestId": [Function],
  "findByText": [Function],
  "findByTitle": [Function],
  "getAllByAltText": [Function],
  "getAllByDisplayValue": [Function],
  "getAllByLabelText": [Function],
  "getAllByPlaceholderText": [Function],
  "getAllByRole": [Function],
  "getAllByTestId": [Function],
  "getAllByText": [Function],
  "getAllByTitle": [Function],
  "getByAltText": [Function],
  "getByDisplayValue": [Function],
  "getByLabelText": [Function],
  "getByPlaceholderText": [Function],
  "getByRole": [Function],
  "getByTestId": [Function],
  "getByText": [Function],
  "getByTitle": [Function],
  "queryAllByAltText": [Function],
  "queryAllByDisplayValue": [Function],
  "queryAllByLabelText": [Function],
  "queryAllByPlaceholderText": [Function],
  "queryAllByRole": [Function],
  "queryAllByTestId": [Function],
  "queryAllByText": [Function],
  "queryAllByTitle": [Function],
  "queryByAltText": [Function],
  "queryByDisplayValue": [Function],
  "queryByLabelText": [Function],
  "queryByPlaceholderText": [Function],
  "queryByRole": [Function],
  "queryByTestId": [Function],
  "queryByText": [Function],
  "queryByTitle": [Function],
  "rerender": [Function],
  "unmount": [Function],
}
`;
